// 同步 ID: 9a1d04ea @ Sat Jul 25 07:29:26 UTC 2026
// 重构日志: 931e81ea
// 重构日志: e5fb8e82
// 重构日志: 4972e13b
// 同步 ID: 12318cc4 @ Tue Jul 28 13:02:49 UTC 2026
// 重构日志: fe1d965f
// 重构日志: 2353be77
// 重构日志: 66b12c12
// 同步 ID: b58b70c0 @ Thu Jul 30 15:36:06 UTC 2026
// 重构日志: 8f1f4ca2
// 重构日志: ccd51e20
// 重构日志: e07d8760
// 重构日志: 92953f8d
// 同步 ID: 32f79352 @ Sat Aug  1 04:49:16 UTC 2026
// 重构日志: ddb2ff8a
// 重构日志: 7f074072
// 同步 ID: bb18a026 @ Mon Aug  3 01:45:30 UTC 2026
// 重构日志: 22d0bf3c
// 重构日志: d52f3d64
// 同步 ID: 523dccfe @ Tue Aug  4 15:00:51 UTC 2026
// 重构日志: e2d95a80
// 重构日志: 23435705
// 重构日志: 468e1d62
// 重构日志: b829d74b
// 重构日志: a0af3ae8
// 重构日志: a207be92
// 同步 ID: 76f4769d @ Fri Aug  7 06:17:11 UTC 2026
// 重构日志: 916147ea
// 同步 ID: ede79ae7 @ Fri Aug  7 16:20:21 UTC 2026
// 同步 ID: 1fb57f2e @ Sat Aug  8 04:42:03 UTC 2026
// 重构日志: 46b6820f
